--------- beginning of system
--------- beginning of main
2025-05-31 02:51:35.392   983-2674  BufferQueueDebug        surfaceflinger                       E  [ActivityRecord{b4506f u0 com.example.smarthomeappfinal/.SplashActivity t2422}#14332](this:0xb400007ba2013af0,id:-1,api:0,p:-1,c:-1) id info cannot be read from 'ActivityRecord{b4506f u0 com.example.smarthomeappfinal/.SplashActivity t2422}#14332'
2025-05-31 02:51:35.418   983-1036  BufferQueueDebug        surfaceflinger                       E  [a0ff968 Splash Screen com.example.smarthomeappfinal#14333](this:0xb400007ba20084b0,id:-1,api:0,p:-1,c:-1) id info cannot be read from 'a0ff968 Splash Screen com.example.smarthomeappfinal#14333'
2025-05-31 02:51:35.436   983-2674  BufferQueueDebug        surfaceflinger                       E  [Splash Screen com.example.smarthomeappfinal#14334](this:0xb400007ba2019610,id:-1,api:0,p:-1,c:-1) id info cannot be read from 'Splash Screen com.example.smarthomeappfinal#14334'
2025-05-31 02:51:35.560   983-1823  BufferQueueDebug        surfaceflinger                       E  [ba8474e ActivityRecordInputSink com.example.smarthomeappfinal/.SplashActivity#14340](this:0xb400007ba1fdabb0,id:-1,api:0,p:-1,c:-1) id info cannot be read from 'ba8474e ActivityRecordInputSink com.example.smarthomeappfinal/.SplashActivity#14340'
---------------------------- PROCESS STARTED (20750) for package com.example.smarthomeappfinal ----------------------------
2025-05-31 02:51:35.869 20750-20750 arthomeappfinal         com.example.smarthomeappfinal        W  Redefining intrinsic method java.lang.Thread java.lang.Thread.currentThread(). This may cause the unexpected use of the original definition of java.lang.Thread java.lang.Thread.currentThread()in methods that have already been compiled.
2025-05-31 02:51:35.869 20750-20750 arthomeappfinal         com.example.smarthomeappfinal        W  Redefining intrinsic method boolean java.lang.Thread.interrupted(). This may cause the unexpected use of the original definition of boolean java.lang.Thread.interrupted()in methods that have already been compiled.
2025-05-31 02:51:35.901 20750-20750 Compatibil...geReporter com.example.smarthomeappfinal        D  Compat change id reported: 171979766; UID 10204; state: ENABLED
2025-05-31 02:51:35.902 20750-20750 Compatibil...geReporter com.example.smarthomeappfinal        D  Compat change id reported: 242716250; UID 10204; state: ENABLED
2025-05-31 02:51:35.907 20750-20750 TranClassInfo           com.example.smarthomeappfinal        D  instance successfully. com.transsion.hubcore.graphics.TranGraphicImpl@4198a52 from com.transsion.hubcore.graphics.ITranGraphic
2025-05-31 02:51:35.908 20750-20750 os.SingleLiceFactory    com.example.smarthomeappfinal        D  instance successfully. com.transsion.typeface.v1.TypefaceLice@dec80b6 from android.graphics.IGraphicLice
2025-05-31 02:51:35.908 20750-20750 os.LiceInfo             com.example.smarthomeappfinal        D  instance successfully. com.transsion.graphics.GraphicLice@4711123 from android.graphics.IGraphicLice
2025-05-31 02:51:35.928 20750-20750 ziparchive              com.example.smarthomeappfinal        W  Unable to open '/data/data/com.example.smarthomeappfinal/code_cache/.overlay/base.apk/classes10.dm': No such file or directory
2025-05-31 02:51:35.929 20750-20750 ziparchive              com.example.smarthomeappfinal        W  Unable to open '/data/app/~~9TVBHUw-OYhvVQ_xbBtUdA==/com.example.smarthomeappfinal-3cSZP3H85zFl7LOy6ob7Xg==/base.dm': No such file or directory
2025-05-31 02:51:35.929 20750-20750 ziparchive              com.example.smarthomeappfinal        W  Unable to open '/data/app/~~9TVBHUw-OYhvVQ_xbBtUdA==/com.example.smarthomeappfinal-3cSZP3H85zFl7LOy6ob7Xg==/base.dm': No such file or directory
2025-05-31 02:51:36.205 20750-20750 nativeloader            com.example.smarthomeappfinal        D  Configuring clns-4 for other apk /data/app/~~9TVBHUw-OYhvVQ_xbBtUdA==/com.example.smarthomeappfinal-3cSZP3H85zFl7LOy6ob7Xg==/base.apk. target_sdk_version=34, uses_libraries=, library_path=/data/app/~~9TVBHUw-OYhvVQ_xbBtUdA==/com.example.smarthomeappfinal-3cSZP3H85zFl7LOy6ob7Xg==/lib/arm64:/data/app/~~9TVBHUw-OYhvVQ_xbBtUdA==/com.example.smarthomeappfinal-3cSZP3H85zFl7LOy6ob7Xg==/base.apk!/lib/arm64-v8a, permitted_path=/data:/mnt/expand:/data/user/0/com.example.smarthomeappfinal
2025-05-31 02:51:36.215 20750-20750 nativeloader            com.example.smarthomeappfinal        D  Load libframework-connectivity-jni.so using APEX ns com_android_tethering for caller /apex/com.android.tethering/javalib/framework-connectivity.jar: ok
2025-05-31 02:51:36.222 20750-20750 GraphicsEnvironment     com.example.smarthomeappfinal        V  Currently set values for:
2025-05-31 02:51:36.222 20750-20750 GraphicsEnvironment     com.example.smarthomeappfinal        V    angle_gl_driver_selection_pkgs=[]
2025-05-31 02:51:36.222 20750-20750 GraphicsEnvironment     com.example.smarthomeappfinal        V    angle_gl_driver_selection_values=[]
2025-05-31 02:51:36.223 20750-20750 GraphicsEnvironment     com.example.smarthomeappfinal        V  ANGLE GameManagerService for com.example.smarthomeappfinal: false
2025-05-31 02:51:36.223 20750-20750 GraphicsEnvironment     com.example.smarthomeappfinal        V  com.example.smarthomeappfinal is not listed in per-application setting
2025-05-31 02:51:36.223 20750-20750 GraphicsEnvironment     com.example.smarthomeappfinal        V  Neither updatable production driver nor prerelease driver is supported.
2025-05-31 02:51:36.234 20750-20750 LoadedApk               com.example.smarthomeappfinal        I  No resource references to update in package com.transsion.theme.icon
2025-05-31 02:51:36.246 20750-20750 Compatibil...geReporter com.example.smarthomeappfinal        D  Compat change id reported: 183155436; UID 10204; state: ENABLED
2025-05-31 02:51:36.249 20750-20750 os.SingleLiceFactory    com.example.smarthomeappfinal        D  using android.app.IActivityThreadLice$DefaultImpl@69ed08d instead of com.transsion.activityembedding.ActivityEmbeddingLiceFactory  from android.app.IActivityThreadLice
2025-05-31 02:51:36.343 20750-20750 FirebaseApp             com.example.smarthomeappfinal        I  Device unlocked: initializing all Firebase APIs for app [DEFAULT]
2025-05-31 02:51:36.360 20750-20750 FirebaseInitProvider    com.example.smarthomeappfinal        I  FirebaseApp initialization successful
2025-05-31 02:51:36.387 20750-20750 MbrainDebugManagerImpl  com.example.smarthomeappfinal        D  getService failed
2025-05-31 02:51:36.403 20750-2248  libMEOW                 com.example.smarthomeappfinal        D  meow new tls: 0xb4000076236ba0a0
2025-05-31 02:51:36.403 20750-2248  libMEOW                 com.example.smarthomeappfinal        D  meow reload base cfg path: na
2025-05-31 02:51:36.404 20750-2248  libMEOW                 com.example.smarthomeappfinal        D  meow reload overlay cfg path: na
2025-05-31 02:51:36.404 20750-2248  QT                      com.example.smarthomeappfinal        W  qt_process_init() called
2025-05-31 02:51:36.405 20750-2248  QT                      com.example.smarthomeappfinal        W  Support!!
2025-05-31 02:51:36.407 20750-2248  libMEOW_gift            com.example.smarthomeappfinal        I  open /data/performance/gift/arc.ini
2025-05-31 02:51:36.409 20750-2248  libMEOW                 com.example.smarthomeappfinal        D  applied 1 plugins for [com.example.smarthomeappfinal]:
2025-05-31 02:51:36.409 20750-2248  libMEOW                 com.example.smarthomeappfinal        D    plugin 1: [libMEOW_gift.so]: 0xb4000077d362b010
2025-05-31 02:51:36.409 20750-2248  libMEOW                 com.example.smarthomeappfinal        D  rebuild call chain: 0xb40000762369a080
2025-05-31 02:51:36.409 20750-2248  libMEOW                 com.example.smarthomeappfinal        D  meow delete tls: 0xb4000076236ba0a0
2025-05-31 02:51:36.410 20750-2241  arthomeappfinal         com.example.smarthomeappfinal        W  ClassLoaderContext classpath size mismatch. expected=1, found=0 (DLC[];PCL[base.apk*3917372482]{PCL[/system/framework/org.apache.http.legacy.jar*1402631008]#PCL[/system/framework/com.android.media.remotedisplay.jar*2482779587]#PCL[/system/framework/com.android.location.provider.jar*825940897]#PCL[/system/framework/org.apache.http.legacy.jar*1402631008]} | DLC[];PCL[])
2025-05-31 02:51:36.415 20750-2241  DynamiteModule          com.example.smarthomeappfinal        I  Considering local module com.google.android.gms.measurement.dynamite:100 and remote module com.google.android.gms.measurement.dynamite:148
2025-05-31 02:51:36.415 20750-2241  DynamiteModule          com.example.smarthomeappfinal        I  Selected remote version of com.google.android.gms.measurement.dynamite, version >= 148
2025-05-31 02:51:36.416 20750-2241  DynamiteModule          com.example.smarthomeappfinal        V  Dynamite loader version >= 2, using loadModule2NoCrashUtils
2025-05-31 02:51:36.424 20750-20750 ActivityThread          com.example.smarthomeappfinal        D  ++ activityComponent:com.example.smarthomeappfinal/com.example.smarthomeappfinal.SplashActivity counts:1 ALEAK_CLEAR_SUPPORT:true
2025-05-31 02:51:36.437 20750-20750 AppCompatDelegate       com.example.smarthomeappfinal        D  Checking for metadata for AppLocalesMetadataHolderService : Service not found
2025-05-31 02:51:36.445 20750-20750 TranClassInfo           com.example.smarthomeappfinal        D  instance successfully. com.transsion.hubcore.app.TranActivityImpl@419e5f2 from com.transsion.hubcore.app.ITranActivity
2025-05-31 02:51:36.445 20750-20750 TranVersion             com.example.smarthomeappfinal        I  TranVersion static initializer: default = 34.3.1.1
                                                                                                     debug = false, debug_version = 34.3.1.1
2025-05-31 02:51:36.445 20750-20750 TranClassInfo           com.example.smarthomeappfinal        D  instance successfully. com.transsion.hubcore.spdopts.magellan.implement.TranMagellanActivityComponentImpl@e42d443 from com.transsion.hubcore.magellan.ITranMagellanActivityComponent
2025-05-31 02:51:36.446 20750-20750 System                  com.example.smarthomeappfinal        W  ClassLoader referenced unknown path: /system_ext/framework/multidisplay.jar
2025-05-31 02:51:36.450 20750-20750 TranClassInfo           com.example.smarthomeappfinal        W  instance failed. com.transsion.display.multidisplay.core.MultiDisplayCoreComponentImpl from com.transsion.hubcore.multidisplay.ITranMultiDisplayCoreComponent (Ask Gemini)
                                                                                                    java.lang.ClassNotFoundException: com.transsion.display.multidisplay.core.MultiDisplayCoreComponentImpl
                                                                                                    	at java.lang.Class.classForName(Native Method)
                                                                                                    	at java.lang.Class.forName(Class.java:607)
                                                                                                    	at com.transsion.hubcore.utils.TranClassInfo.getImpl(TranClassInfo.java:124)
                                                                                                    	at com.transsion.hubcore.multidisplay.ITranMultiDisplayCoreComponent.Instance(ITranMultiDisplayCoreComponent.java:32)
                                                                                                    	at com.transsion.hubcore.app.TranActivityImpl.attach(TranActivityImpl.java:44)
                                                                                                    	at android.app.Activity.attach(Activity.java:8562)
                                                                                                    	at android.app.ActivityThread.performLaunchActivity(ActivityThread.java:3885)
                                                                                                    	at android.app.ActivityThread.handleLaunchActivity(ActivityThread.java:4079)
                                                                                                    	at android.app.servertransaction.LaunchActivityItem.execute(LaunchActivityItem.java:114)
                                                                                                    	at android.app.servertransaction.TransactionExecutor.executeCallbacks(TransactionExecutor.java:139)
                                                                                                    	at android.app.servertransaction.TransactionExecutor.execute(TransactionExecutor.java:96)
                                                                                                    	at android.app.ActivityThread$H.handleMessage(ActivityThread.java:2552)
                                                                                                    	at android.os.Handler.dispatchMessage(Handler.java:106)
                                                                                                    	at android.os.Looper.loopOnce(Looper.java:243)
                                                                                                    	at android.os.Looper.loop(Looper.java:338)
                                                                                                    	at android.app.ActivityThread.main(ActivityThread.java:8506)
                                                                                                    	at java.lang.reflect.Method.invoke(Native Method)
                                                                                                    	at com.android.internal.os.RuntimeInit$MethodAndArgsCaller.run(RuntimeInit.java:602)
                                                                                                    	at com.android.internal.os.ZygoteInit.main(ZygoteInit.java:1064)
                                                                                                    Caused by: java.lang.ClassNotFoundException: Didn't find class "com.transsion.display.multidisplay.core.MultiDisplayCoreComponentImpl" on path: DexPathList[[],nativeLibraryDirectories=[/system/lib64, /system_ext/lib64]]
                                                                                                    	at dalvik.system.BaseDexClassLoader.findClass(BaseDexClassLoader.java:259)
                                                                                                    	at java.lang.ClassLoader.loadClass(ClassLoader.java:637)
                                                                                                    	at java.lang.ClassLoader.loadClass(ClassLoader.java:573)
                                                                                                    	at java.lang.Class.classForName(Native Method) 
                                                                                                    	at java.lang.Class.forName(Class.java:607) 
                                                                                                    	at com.transsion.hubcore.utils.TranClassInfo.getImpl(TranClassInfo.java:124) 
                                                                                                    	at com.transsion.hubcore.multidisplay.ITranMultiDisplayCoreComponent.Instance(ITranMultiDisplayCoreComponent.java:32) 
                                                                                                    	at com.transsion.hubcore.app.TranActivityImpl.attach(TranActivityImpl.java:44) 
                                                                                                    	at android.app.Activity.attach(Activity.java:8562) 
                                                                                                    	at android.app.ActivityThread.performLaunchActivity(ActivityThread.java:3885) 
                                                                                                    	at android.app.ActivityThread.handleLaunchActivity(ActivityThread.java:4079) 
                                                                                                    	at android.app.servertransaction.LaunchActivityItem.execute(LaunchActivityItem.java:114) 
                                                                                                    	at android.app.servertransaction.TransactionExecutor.executeCallbacks(TransactionExecutor.java:139) 
                                                                                                    	at android.app.servertransaction.TransactionExecutor.execute(TransactionExecutor.java:96) 
                                                                                                    	at android.app.ActivityThread$H.handleMessage(ActivityThread.java:2552) 
                                                                                                    	at android.os.Handler.dispatchMessage(Handler.java:106) 
                                                                                                    	at android.os.Looper.loopOnce(Looper.java:243) 
                                                                                                    	at android.os.Looper.loop(Looper.java:338) 
                                                                                                    	at android.app.ActivityThread.main(ActivityThread.java:8506) 
                                                                                                    	at java.lang.reflect.Method.invoke(Native Method) 
                                                                                                    	at com.android.internal.os.RuntimeInit$MethodAndArgsCaller.run(RuntimeInit.java:602) 
                                                                                                    	at com.android.internal.os.ZygoteInit.main(ZygoteInit.java:1064) 
2025-05-31 02:51:36.450 20750-20750 TranClassInfo           com.example.smarthomeappfinal        D  using com.transsion.hubcore.multidisplay.ITranMultiDisplayCoreComponent$1@4dc6f3e instead of [com.transsion.display.multidisplay.core.MultiDisplayCoreComponentImpl] from com.transsion.hubcore.multidisplay.ITranMultiDisplayCoreComponent
2025-05-31 02:51:36.450 20750-2241  System                  com.example.smarthomeappfinal        W  ClassLoader referenced unknown path: 
2025-05-31 02:51:36.453 20750-2241  nativeloader            com.example.smarthomeappfinal        D  Configuring clns-5 for other apk . target_sdk_version=36, uses_libraries=, library_path=/data/app/~~KdwBuu3TBas7hZja0jGz6g==/com.google.android.gms-t6X3cRc6Fe3fq2pekS9wDg==/lib/arm64:/data/app/~~KdwBuu3TBas7hZja0jGz6g==/com.google.android.gms-t6X3cRc6Fe3fq2pekS9wDg==/base.apk!/lib/arm64-v8a, permitted_path=/data:/mnt/expand:/data/user/0/com.google.android.gms
2025-05-31 02:51:36.473 20750-20750 TranClassInfo           com.example.smarthomeappfinal        D  instance successfully. com.transsion.hubcore.view.TranViewImpl@f315433 from com.transsion.hubcore.view.ITranView
2025-05-31 02:51:36.473 20750-20750 TranClassInfo           com.example.smarthomeappfinal        D  instance successfully. com.transsion.hubcore.spdopts.appturbo.implement.TranViewAppturboImpl@21a93f0 from com.transsion.hubcore.appturbo.ITranViewAppturboComponent
2025-05-31 02:51:36.474 20750-20750 TranClassInfo           com.example.smarthomeappfinal        D  instance successfully. com.transsion.hubcore.spdopts.appturbo.TranAppturboServiceImpl@a044d69 from com.transsion.hubcore.spdopts.appturbo.ITranAppturboService
2025-05-31 02:51:36.478 20750-20750 os.SingleLice           com.example.smarthomeappfinal        D  instance successfully. com.transsion.dragdrop.v1.DragDropLice@ba123ee from com.transsion.dragdrop.DragDropLiceFactory
2025-05-31 02:51:36.478 20750-20750 os.SingleLiceFactory    com.example.smarthomeappfinal        D  instance successfully. com.transsion.dragdrop.v1.DragDropLice@ba123ee from android.view.IViewLice
2025-05-31 02:51:36.478 20750-20750 os.LiceInfo             com.example.smarthomeappfinal        D  instance successfully. com.transsion.view.ViewLice@4a3008f from android.view.IViewLice
2025-05-31 02:51:36.481 20750-20750 TranClassInfo           com.example.smarthomeappfinal        D  instance successfully. com.transsion.hubcore.spdopts.magellan.implement.TranMagellanViewComponentImpl@18b5725 from com.transsion.hubcore.magellan.ITranMagellanViewComponent
2025-05-31 02:51:36.481 20750-2241  arthomeappfinal         com.example.smarthomeappfinal        W  ClassLoaderContext classpath size mismatch. expected=1, found=2 (DLC[];PCL[base.apk*3917372482]{PCL[/system/framework/org.apache.http.legacy.jar*1402631008]#PCL[/system/framework/com.android.media.remotedisplay.jar*2482779587]#PCL[/system/framework/com.android.location.provider.jar*825940897]#PCL[/system/framework/org.apache.http.legacy.jar*1402631008]} | DLC[];PCL[/data/data/com.example.smarthomeappfinal/code_cache/.overlay/base.apk/classes10.dex*803009051:/data/app/~~9TVBHUw-OYhvVQ_xbBtUdA==/com.example.smarthomeappfinal-3cSZP3H85zFl7LOy6ob7Xg==/base.apk*2109483092])
2025-05-31 02:51:36.486 20750-20750 TranClassInfo           com.example.smarthomeappfinal        D  instance successfully. com.transsion.hubcore.internal.TranInternalViewImpl@1bf40a1 from com.transsion.hubcore.internal.ITranInternalView
2025-05-31 02:51:36.486 20750-20750 os.SingleLice           com.example.smarthomeappfinal        D  instance successfully. com.transsion.whitenavigation.v1.WhiteNavigationLice@1a5c2c6 from com.transsion.whitenavigation.WhiteNavigationLiceFactory
2025-05-31 02:51:36.486 20750-20750 os.SingleLiceFactory    com.example.smarthomeappfinal        D  instance successfully. com.transsion.whitenavigation.v1.WhiteNavigationLice@1a5c2c6 from com.android.internal.IInternalViewLice
2025-05-31 02:51:36.487 20750-20750 os.SingleLice           com.example.smarthomeappfinal        D  instance successfully. com.transsion.screenshothelper.v1.ScreenShotHelperImplLice@107287 from com.transsion.screenshothelper.ScreenShotHelperImplLiceFactory
2025-05-31 02:51:36.487 20750-20750 os.SingleLiceFactory    com.example.smarthomeappfinal        D  instance successfully. com.transsion.screenshothelper.v1.ScreenShotHelperImplLice@107287 from com.android.internal.IInternalViewLice
2025-05-31 02:51:36.487 20750-20750 os.SingleLiceFactory    com.example.smarthomeappfinal        D  using com.android.internal.IInternalViewLice$DefaultImpl@55015b4 instead of com.transsion.flamboyant.FlamboyantLiceFactory  from com.android.internal.IInternalViewLice
2025-05-31 02:51:36.487 20750-20750 os.LiceInfo             com.example.smarthomeappfinal        D  instance successfully. com.transsion.internal.InternalViewLice@6ee45dd from com.android.internal.IInternalViewLice
2025-05-31 02:51:36.519 20750-20750 arthomeappfinal         com.example.smarthomeappfinal        W  Accessing hidden method Landroid/view/View;->computeFitSystemWindows(Landroid/graphics/Rect;Landroid/graphics/Rect;)Z (unsupported, reflection, allowed)
2025-05-31 02:51:36.520 20750-20750 arthomeappfinal         com.example.smarthomeappfinal        W  Accessing hidden method Landroid/view/ViewGroup;->makeOptionalFitsSystemWindows()V (unsupported, reflection, allowed)
2025-05-31 02:51:36.534 20750-20750 Compatibil...geReporter com.example.smarthomeappfinal        D  Compat change id reported: 210923482; UID 10204; state: ENABLED
2025-05-31 02:51:36.581 20750-20750 Compatibil...geReporter com.example.smarthomeappfinal        D  Compat change id reported: 3400644; UID 10204; state: ENABLED
2025-05-31 02:51:36.629 20750-2254  arthomeappfinal         com.example.smarthomeappfinal        E  No package ID 6d found for resource ID 0x6d0b000f.
2025-05-31 02:51:36.631 20750-2254  FA                      com.example.smarthomeappfinal        I  App measurement initialized, version: 126000
2025-05-31 02:51:36.631 20750-2254  FA                      com.example.smarthomeappfinal        I  To enable debug logging run: adb shell setprop log.tag.FA VERBOSE
2025-05-31 02:51:36.632 20750-2254  FA                      com.example.smarthomeappfinal        I  To enable faster debug mode event logging run:
                                                                                                      adb shell setprop debug.firebase.analytics.app com.example.smarthomeappfinal
2025-05-31 02:51:36.751 20750-2254  TranClassInfo           com.example.smarthomeappfinal        D  instance successfully. com.transsion.hubcore.database.sqlite.TranSQLiteDatabaseImpl@70527dc from com.transsion.hubcore.database.sqlite.ITranSQLiteDatabase
2025-05-31 02:51:36.751 20750-2254  TranClassInfo           com.example.smarthomeappfinal        D  instance successfully. com.transsion.hubcore.spdopts.others.implement.TranSQLiteDatabaseComponentImpl@f7f30e5 from com.transsion.hubcore.spdcomponent.ITranSQLiteDatabaseComponent
2025-05-31 02:51:36.753 20750-2213  ActivityThreadLice      com.example.smarthomeappfinal        D  received OSMessage 110001
2025-05-31 02:51:36.754 20750-2213  ActivityThreadLice      com.example.smarthomeappfinal        D  send OSMessage 110001 to [-1]
2025-05-31 02:51:36.756 20750-2213  OSServiceManager        com.example.smarthomeappfinal        D  update local os service os.activity from null to android.os.BinderProxy@f6c9674
2025-05-31 02:51:36.764 20750-20750 TranClassInfo           com.example.smarthomeappfinal        D  instance successfully. com.transsion.hubcore.spdopts.appturbo.implement.TranActivityAppturboImpl@fcf1099 from com.transsion.hubcore.appturbo.ITranActivityAppturboComponent
2025-05-31 02:51:36.764 20750-20750 TranActivi...pturboImpl com.example.smarthomeappfinal        D  onResumeHork
2025-05-31 02:51:36.771 20750-20750 M-ProMotion             com.example.smarthomeappfinal        I  M-ProMotion is disabled
2025-05-31 02:51:36.776 20750-20750 TranClassInfo           com.example.smarthomeappfinal        D  instance successfully. com.transsion.hubcore.view.TranWindowManagerGlobalImpl@b417c36 from com.transsion.hubcore.view.ITranWindowManagerGlobal
2025-05-31 02:51:36.778 20750-2270  nativeloader            com.example.smarthomeappfinal        D  Load libpowerhalwrap_jni.so using system ns (caller=/system_ext/framework/mediatek-framework.jar): ok
2025-05-31 02:51:36.779 20750-2270  PowerHalWrapper         com.example.smarthomeappfinal        I  PowerHalWrapper.getInstance 
2025-05-31 02:51:36.782 20750-20750 SurfaceFactory          com.example.smarthomeappfinal        I  [static] sSurfaceFactory = com.transsion.rt.SurfaceFactoryImpl@9e6a20d
2025-05-31 02:51:36.785 20750-20750 Compatibil...geReporter com.example.smarthomeappfinal        D  Compat change id reported: 237531167; UID 10204; state: DISABLED
2025-05-31 02:51:36.796 20750-20750 VRI[SplashActivity]     com.example.smarthomeappfinal        D  hardware acceleration = true, forceHwAccelerated = false
2025-05-31 02:51:36.797 20750-20750 ViewRootImpl            com.example.smarthomeappfinal        D  setView appearance:0 com.example.smarthomeappfinal/com.example.smarthomeappfinal.SplashActivity
2025-05-31 02:51:36.800   983-1036  BufferQueueDebug        surfaceflinger                       E  [8d6bb64 com.example.smarthomeappfinal/com.example.smarthomeappfinal.SplashActivity#14342](this:0xb400007ba204f7c0,id:-1,api:0,p:-1,c:-1) id info cannot be read from '8d6bb64 com.example.smarthomeappfinal/com.example.smarthomeappfinal.SplashActivity#14342'
2025-05-31 02:51:36.803 20750-20750 TranClassInfo           com.example.smarthomeappfinal        D  instance successfully. com.transsion.hubcore.view.TranWindowLayoutImpl@933f64b from com.transsion.hubcore.view.ITranWindowLayout
2025-05-31 02:51:36.804 20750-20750 libMEOW                 com.example.smarthomeappfinal        D  meow new tls: 0xb4000076236da0c0
2025-05-31 02:51:36.804 20750-20750 libMEOW                 com.example.smarthomeappfinal        D  applied 1 plugins for [com.example.smarthomeappfinal]:
2025-05-31 02:51:36.804 20750-20750 libMEOW                 com.example.smarthomeappfinal        D    plugin 1: [libMEOW_gift.so]: 0xb4000077d362b010
2025-05-31 02:51:36.804 20750-20750 libMEOW                 com.example.smarthomeappfinal        D  rebuild call chain: 0xb4000076236ba0a0
2025-05-31 02:51:36.805 20750-20750 InputTransport          com.example.smarthomeappfinal        D  Create ARC handle: 0xb4000077a366bfa0
2025-05-31 02:51:36.805 20750-20750 InputEventReceiver      com.example.smarthomeappfinal        D  Input log is disabled in InputEventReceiver.
2025-05-31 02:51:36.805 20750-20750 InputTransport          com.example.smarthomeappfinal        D  Input log is disabled in InputChannel.
2025-05-31 02:51:36.807 20750-2254  FA                      com.example.smarthomeappfinal        I  Tag Manager is not found and thus will not be used
2025-05-31 02:51:36.825   983-2674  BufferQueueDebug        surfaceflinger                       E  [com.example.smarthomeappfinal/com.example.smarthomeappfinal.SplashActivity#14343](this:0xb400007ba2044180,id:-1,api:0,p:-1,c:-1) id info cannot be read from 'com.example.smarthomeappfinal/com.example.smarthomeappfinal.SplashActivity#14343'
2025-05-31 02:51:36.834 20750-20750 BufferQueueConsumer     com.example.smarthomeappfinal        D  [](id:510e00000000,api:0,p:-1,c:20750) connect: controlledByApp=false
2025-05-31 02:51:36.836 20750-20750 FBI                     com.example.smarthomeappfinal        E  fbcNotifyBufferUX is NULL: undefined symbol: fbcNotifyBufferUX
2025-05-31 02:51:36.839 20750-20750 TranWindow...rationImpl com.example.smarthomeappfinal        I  field:-1
2025-05-31 02:51:36.839 20750-20750 TranWindow...rationImpl com.example.smarthomeappfinal        I  field:1024
2025-05-31 02:51:36.839 20750-20750 TranWindow...rationImpl com.example.smarthomeappfinal        I  field:2048
2025-05-31 02:51:36.839 20750-20750 TranWindow...rationImpl com.example.smarthomeappfinal        I  field:0
2025-05-31 02:51:36.839 20750-20750 TranWindow...rationImpl com.example.smarthomeappfinal        I  field:-1
2025-05-31 02:51:36.839 20750-20750 TranWindow...rationImpl com.example.smarthomeappfinal        I  field:4096
2025-05-31 02:51:36.839 20750-20750 TranWindow...rationImpl com.example.smarthomeappfinal        I  field:2
2025-05-31 02:51:36.839 20750-20750 TranWindow...rationImpl com.example.smarthomeappfinal        I  field:4
2025-05-31 02:51:36.839 20750-20750 TranWindow...rationImpl com.example.smarthomeappfinal        I  field:8
2025-05-31 02:51:36.839 20750-20750 TranWindow...rationImpl com.example.smarthomeappfinal        I  field:16
2025-05-31 02:51:36.839 20750-20750 TranWindow...rationImpl com.example.smarthomeappfinal        I  field:32
2025-05-31 02:51:36.839 20750-20750 TranWindow...rationImpl com.example.smarthomeappfinal        I  field:64
2025-05-31 02:51:36.839 20750-20750 TranWindow...rationImpl com.example.smarthomeappfinal        I  field:128
2025-05-31 02:51:36.839 20750-20750 TranWindow...rationImpl com.example.smarthomeappfinal        I  field:256
2025-05-31 02:51:36.839 20750-20750 TranWindow...rationImpl com.example.smarthomeappfinal        I  field:-1
2025-05-31 02:51:36.839 20750-20750 TranWindow...rationImpl com.example.smarthomeappfinal        I  field:8192
2025-05-31 02:51:36.839 20750-20750 TranWindow...rationImpl com.example.smarthomeappfinal        I  field:0
2025-05-31 02:51:36.839 20750-20750 TranWindow...rationImpl com.example.smarthomeappfinal        I  field:1
2025-05-31 02:51:36.839 20750-20750 TranWindow...rationImpl com.example.smarthomeappfinal        I  field:2
2025-05-31 02:51:36.840 20750-20750 TranWindow...rationImpl com.example.smarthomeappfinal        I  field:3
2025-05-31 02:51:36.840 20750-20750 TranWindow...rationImpl com.example.smarthomeappfinal        I  field:4
2025-05-31 02:51:36.840 20750-20750 TranWindow...rationImpl com.example.smarthomeappfinal        I  field:5
2025-05-31 02:51:36.840 20750-20750 TranWindow...rationImpl com.example.smarthomeappfinal        I  field:6
2025-05-31 02:51:36.840 20750-20750 TranWindow...rationImpl com.example.smarthomeappfinal        I  field:7
2025-05-31 02:51:36.840 20750-20750 TranWindow...rationImpl com.example.smarthomeappfinal        I  field:8
2025-05-31 02:51:36.840 20750-20750 TranWindow...rationImpl com.example.smarthomeappfinal        I  field:9
2025-05-31 02:51:36.840 20750-20750 TranWindow...rationImpl com.example.smarthomeappfinal        I  field:10
2025-05-31 02:51:36.840 20750-20750 TranWindow...rationImpl com.example.smarthomeappfinal        I  field:11
2025-05-31 02:51:36.840 20750-20750 TranWindow...rationImpl com.example.smarthomeappfinal        I  field:12
2025-05-31 02:51:36.840 20750-20750 TranWindow...rationImpl com.example.smarthomeappfinal        I  field:13
2025-05-31 02:51:36.840 20750-20750 TranWindow...rationImpl com.example.smarthomeappfinal        I  field:1001
2025-05-31 02:51:36.840 20750-20750 TranWindow...rationImpl com.example.smarthomeappfinal        I  field:0
2025-05-31 02:51:36.840 20750-20750 TranWindow...rationImpl com.example.smarthomeappfinal        I  field:1
2025-05-31 02:51:36.840 20750-20750 TranWindow...rationImpl com.example.smarthomeappfinal        I  field:2
2025-05-31 02:51:36.840 20750-20750 TranWindow...rationImpl com.example.smarthomeappfinal        I  field:4
2025-05-31 02:51:36.840 20750-20750 TranWindow...rationImpl com.example.smarthomeappfinal        I  field:0
2025-05-31 02:51:36.840 20750-20750 TranWindow...rationImpl com.example.smarthomeappfinal        I  field:1
2025-05-31 02:51:36.840 20750-20750 TranWindow...rationImpl com.example.smarthomeappfinal        I  field:0
2025-05-31 02:51:36.840 20750-20750 TranWindow...rationImpl com.example.smarthomeappfinal        I  field:1
2025-05-31 02:51:36.840 20750-20750 TranWindow...rationImpl com.example.smarthomeappfinal        I  field:com.transsion.multiwindow.showcaption
2025-05-31 02:51:36.840 20750-20750 TranClassInfo           com.example.smarthomeappfinal        D  instance successfully. com.transsion.hubcore.app.TranWindowConfigurationImpl@3bdf91f from com.transsion.hubcore.server.app.ITranWindowConfiguration
2025-05-31 02:51:36.841 20750-20750 config_debug            com.example.smarthomeappfinal        I  updateDecorCaptionStatus: {0.85 515mcc2mnc [en_US] ldltr sw360dp w360dp h764dp 480dpi nrml long widecg port night finger -keyb/v/h -nav/h winConfig={ mBounds=Rect(0, 0 - 1080, 2400) mAppBounds=Rect(0, 108 - 1080, 2400) mMaxBounds=Rect(0, 0 - 1080, 2400) mDisplayRotation=ROTATION_0 mWindowingMode=fullscreen mDisplayWindowingMode=fullscreen mMultiWindowMode=normal mMultiWindowId=0 mWindowResiable=6 mInLargeScreen=-1 mActivityType=standard mAlwaysOnTop=undefined mRotation=ROTATION_0 mUiOptSpec=-1 mCurDisplayId=-1} s.1 fontWeightAdjustment=0} fromMultiWindow: true
2025-05-31 02:51:36.841 20750-2246  libMEOW                 com.example.smarthomeappfinal        D  meow new tls: 0xb40000762369a080
2025-05-31 02:51:36.842 20750-2246  libMEOW                 com.example.smarthomeappfinal        D  applied 1 plugins for [com.example.smarthomeappfinal]:
2025-05-31 02:51:36.842 20750-2246  libMEOW                 com.example.smarthomeappfinal        D    plugin 1: [libMEOW_gift.so]: 0xb4000077d362b010
2025-05-31 02:51:36.842 20750-2246  libMEOW                 com.example.smarthomeappfinal        D  rebuild call chain: 0xb40000762370a0f0
2025-05-31 02:51:36.875 20750-2246  OpenGLRenderer          com.example.smarthomeappfinal        E  Unable to match the desired swap behavior.
2025-05-31 02:51:36.880 20750-2246  MAGT_SYNC_FRAME         com.example.smarthomeappfinal        D  MAGT Sync: MAGT is not supported. Disabling Sync.
2025-05-31 02:51:36.905 20750-2246  BLASTBufferQueue        com.example.smarthomeappfinal        D  [VRI[SplashActivity]#0](f:0,a:1) acquireNextBufferLocked size=1080x2400 mFrameNumber=1 applyTransaction=true mTimestamp=23203382290382(auto) mPendingTransactions.size=0 graphicBufferId=89120571392000 transform=0
2025-05-31 02:51:36.910   983-1036  BufferQueueDebug        surfaceflinger                       E  [Surface(name=8d6bb64 com.example.smarthomeappfinal/com.example.smarthomeappfinal.SplashActivity)/@0x61aa40b - animation-leash of starting_reveal#14345](this:0xb400007ba1e6b620,id:-1,api:0,p:-1,c:-1) id info cannot be read from 'Surface(name=8d6bb64 com.example.smarthomeappfinal/com.example.smarthomeappfinal.SplashActivity)/@0x61aa40b - animation-leash of starting_reveal#14345'
2025-05-31 02:51:37.138 20750-20750 os.SingleLice           com.example.smarthomeappfinal        D  instance successfully. com.transsion.view.accessibility.v1.AccessibilityNodeInfoLice@40a2d2 from com.transsion.view.accessibility.AccessibilityNodeInfoLiceFactory
2025-05-31 02:51:37.138 20750-20750 os.SingleLiceFactory    com.example.smarthomeappfinal        D  instance successfully. com.transsion.view.accessibility.v1.AccessibilityNodeInfoLice@40a2d2 from android.view.accessibility.IAccessibilityLice
2025-05-31 02:51:37.139 20750-20750 os.LiceInfo             com.example.smarthomeappfinal        D  instance successfully. com.transsion.view.accessibility.AccessibilityLice@d8d7fa3 from android.view.accessibility.IAccessibilityLice
2025-05-31 02:51:37.277   983-2674  BufferQueueDebug        surfaceflinger                       E  [Surface(name=a0ff968 Splash Screen com.example.smarthomeappfinal)/@0x2385a2e - animation-leash of window_animation#14348](this:0xb400007ba2046f10,id:-1,api:0,p:-1,c:-1) id info cannot be read from 'Surface(name=a0ff968 Splash Screen com.example.smarthomeappfinal)/@0x2385a2e - animation-leash of window_animation#14348'
2025-05-31 02:51:37.636 20750-2206  arthomeappfinal         com.example.smarthomeappfinal        I  Compiler allocated 6289KB to compile void android.view.ViewRootImpl.performTraversals()
2025-05-31 02:51:38.263   983-2674  BufferQueueDebug        surfaceflinger                       E  [ActivityRecord{48a0fe1 u0 com.example.smarthomeappfinal/.MainActivity t2422}#14349](this:0xb400007ba2019610,id:-1,api:0,p:-1,c:-1) id info cannot be read from 'ActivityRecord{48a0fe1 u0 com.example.smarthomeappfinal/.MainActivity t2422}#14349'
2025-05-31 02:51:38.294   983-2674  BufferQueueDebug        surfaceflinger                       E  [69e3f87 Splash Screen com.example.smarthomeappfinal#14350](this:0xb400007ba20084b0,id:-1,api:0,p:-1,c:-1) id info cannot be read from '69e3f87 Splash Screen com.example.smarthomeappfinal#14350'
2025-05-31 02:51:38.295 20750-2307  libMEOW                 com.example.smarthomeappfinal        D  meow new tls: 0xb40000762376a150
2025-05-31 02:51:38.295 20750-2307  libMEOW                 com.example.smarthomeappfinal        D  applied 1 plugins for [com.example.smarthomeappfinal]:
2025-05-31 02:51:38.295 20750-2307  libMEOW                 com.example.smarthomeappfinal        D    plugin 1: [libMEOW_gift.so]: 0xb4000077d362b010
2025-05-31 02:51:38.295 20750-2307  libMEOW                 com.example.smarthomeappfinal        D  rebuild call chain: 0xb40000762378a170
2025-05-31 02:51:38.295 20750-2307  libMEOW                 com.example.smarthomeappfinal        D  meow delete tls: 0xb40000762376a150
2025-05-31 02:51:38.305 20750-20750 ActivityThread          com.example.smarthomeappfinal        D  ++ activityComponent:com.example.smarthomeappfinal/com.example.smarthomeappfinal.MainActivity counts:1 ALEAK_CLEAR_SUPPORT:true
2025-05-31 02:51:38.305   983-1036  BufferQueueDebug        surfaceflinger                       E  [Splash Screen com.example.smarthomeappfinal#14351](this:0xb400007ba203b8d0,id:-1,api:0,p:-1,c:-1) id info cannot be read from 'Splash Screen com.example.smarthomeappfinal#14351'
2025-05-31 02:51:38.331   983-1036  BufferQueueDebug        surfaceflinger                       E  [Transition Root: ActivityRecord{48a0fe1 u0 com.example.smarthomeappfinal/.MainActivity t2422}#14352](this:0xb400007ba20413f0,id:-1,api:0,p:-1,c:-1) id info cannot be read from 'Transition Root: ActivityRecord{48a0fe1 u0 com.example.smarthomeappfinal/.MainActivity t2422}#14352'
2025-05-31 02:51:38.339   983-1036  BufferQueueDebug        surfaceflinger                       E  [b1c7548 ActivityRecordInputSink com.example.smarthomeappfinal/.MainActivity#14353](this:0xb400007ba1fffc00,id:-1,api:0,p:-1,c:-1) id info cannot be read from 'b1c7548 ActivityRecordInputSink com.example.smarthomeappfinal/.MainActivity#14353'
2025-05-31 02:51:38.493 20750-20750 TranClassInfo           com.example.smarthomeappfinal        D  instance successfully. com.transsion.hubcore.widget.TranOverScrollerImpl@ac57a77 from com.transsion.hubcore.widget.ITranOverScroller
2025-05-31 02:51:38.494 20750-20750 TranClassInfo           com.example.smarthomeappfinal        D  instance successfully. com.transsion.hubcore.spdopts.flingmanager.implement.TranFlingManagerImpl@6f96e4 from com.transsion.hubcore.flingmanager.ITranFlingManager
2025-05-31 02:51:38.624 20750-20750 TranActivi...pturboImpl com.example.smarthomeappfinal        D  onResumeHork
2025-05-31 02:51:38.630 20750-20750 VRI[MainActivity]       com.example.smarthomeappfinal        D  hardware acceleration = true, forceHwAccelerated = false
2025-05-31 02:51:38.630 20750-20750 ViewRootImpl            com.example.smarthomeappfinal        D  setView appearance:0 com.example.smarthomeappfinal/com.example.smarthomeappfinal.MainActivity
2025-05-31 02:51:38.632   983-2674  BufferQueueDebug        surfaceflinger                       E  [5d93daa com.example.smarthomeappfinal/com.example.smarthomeappfinal.MainActivity#14354](this:0xb400007ba1fe61f0,id:-1,api:0,p:-1,c:-1) id info cannot be read from '5d93daa com.example.smarthomeappfinal/com.example.smarthomeappfinal.MainActivity#14354'
2025-05-31 02:51:38.635 20750-20750 InputTransport          com.example.smarthomeappfinal        D  Create ARC handle: 0xb4000077a36796e0
2025-05-31 02:51:38.635 20750-20750 InputEventReceiver      com.example.smarthomeappfinal        D  Input log is disabled in InputEventReceiver.
2025-05-31 02:51:38.635 20750-20750 InputTransport          com.example.smarthomeappfinal        D  Input log is disabled in InputChannel.
2025-05-31 02:51:38.661   983-2674  BufferQueueDebug        surfaceflinger                       E  [com.example.smarthomeappfinal/com.example.smarthomeappfinal.MainActivity#14357](this:0xb400007ba200b240,id:-1,api:0,p:-1,c:-1) id info cannot be read from 'com.example.smarthomeappfinal/com.example.smarthomeappfinal.MainActivity#14357'
2025-05-31 02:51:38.677 20750-20750 BufferQueueConsumer     com.example.smarthomeappfinal        D  [](id:510e00000001,api:0,p:-1,c:20750) connect: controlledByApp=false
2025-05-31 02:51:38.678 20750-20750 config_debug            com.example.smarthomeappfinal        I  updateDecorCaptionStatus: {0.85 515mcc2mnc [en_US] ldltr sw360dp w360dp h764dp 480dpi nrml long widecg port night finger -keyb/v/h -nav/h winConfig={ mBounds=Rect(0, 0 - 1080, 2400) mAppBounds=Rect(0, 108 - 1080, 2400) mMaxBounds=Rect(0, 0 - 1080, 2400) mDisplayRotation=ROTATION_0 mWindowingMode=fullscreen mDisplayWindowingMode=fullscreen mMultiWindowMode=normal mMultiWindowId=0 mWindowResiable=6 mInLargeScreen=-1 mActivityType=standard mAlwaysOnTop=undefined mRotation=ROTATION_0 mUiOptSpec=-1 mCurDisplayId=-1} s.1 fontWeightAdjustment=0} fromMultiWindow: true
2025-05-31 02:51:38.679 20750-2246  OpenGLRenderer          com.example.smarthomeappfinal        E  Unable to match the desired swap behavior.
2025-05-31 02:51:38.710 20750-2246  BLASTBufferQueue        com.example.smarthomeappfinal        D  [VRI[MainActivity]#1](f:0,a:1) acquireNextBufferLocked size=1080x2400 mFrameNumber=1 applyTransaction=true mTimestamp=23205187318382(auto) mPendingTransactions.size=0 graphicBufferId=89120571392013 transform=0
2025-05-31 02:51:38.716   983-2674  BufferQueueDebug        surfaceflinger                       E  [Surface(name=5d93daa com.example.smarthomeappfinal/com.example.smarthomeappfinal.MainActivity)/@0x4b050dc - animation-leash of starting_reveal#14360](this:0xb400007ba2046f10,id:-1,api:0,p:-1,c:-1) id info cannot be read from 'Surface(name=5d93daa com.example.smarthomeappfinal/com.example.smarthomeappfinal.MainActivity)/@0x4b050dc - animation-leash of starting_reveal#14360'
2025-05-31 02:51:38.776 20750-20750 BLASTBufferQueue        com.example.smarthomeappfinal        D  [VRI[SplashActivity]#0](f:0,a:1) destructor()
2025-05-31 02:51:38.776 20750-20750 BufferQueueConsumer     com.example.smarthomeappfinal        D  [VRI[SplashActivity]#0(BLAST Consumer)0](id:510e00000000,api:0,p:-1,c:20750) disconnect
2025-05-31 02:51:38.802 20750-20750 ActivityThread          com.example.smarthomeappfinal        D  mToDestroying.remove:ActivityRecord{6ce84c7 token=android.os.BinderProxy@e9ee324 {com.example.smarthomeappfinal/com.example.smarthomeappfinal.SplashActivity}}
2025-05-31 02:51:38.803 20750-20750 WindowOnBackDispatcher  com.example.smarthomeappfinal        W  sendCancelIfRunning: isInProgress=falsecallback=android.app.Activity$$ExternalSyntheticLambda0@43f5ee6
2025-05-31 02:51:38.807 20750-20750 View                    com.example.smarthomeappfinal        D  [Warning] assignParent to null: this = DecorView@a7c5ed4[SplashActivity]
2025-05-31 02:51:38.815 20750-20750 InputTransport          com.example.smarthomeappfinal        D  Destroy ARC handle: 0xb4000077a366bfa0
2025-05-31 02:51:38.998   983-2674  BufferQueueDebug        surfaceflinger                       E  [Surface(name=69e3f87 Splash Screen com.example.smarthomeappfinal)/@0xbe3ac9d - animation-leash of window_animation#14362](this:0xb400007ba2035db0,id:-1,api:0,p:-1,c:-1) id info cannot be read from 'Surface(name=69e3f87 Splash Screen com.example.smarthomeappfinal)/@0xbe3ac9d - animation-leash of window_animation#14362'
2025-05-31 02:51:39.367 20750-20750 os.LiceInfo             com.example.smarthomeappfinal        D  instance successfully. com.transsion.message.bank.v1.MessageBankLice@ca4a663 from com.transsion.message.bank.IMessageBankLice
2025-05-31 02:51:39.376 20750-20750 TranClassInfo           com.example.smarthomeappfinal        D  instance successfully. com.transsion.hubcore.internal.policy.TranDecorViewImpl@ff57fde from com.transsion.hubcore.internal.policy.ITranDecorView
2025-05-31 02:51:39.526 20750-20750 arthomeappfinal         com.example.smarthomeappfinal        W  Accessing hidden method Ljava/lang/invoke/MethodHandles$Lookup;-><init>(Ljava/lang/Class;I)V (unsupported, reflection, allowed)
2025-05-31 02:51:39.598 20750-2360  okhttp.OkHttpClient     com.example.smarthomeappfinal        I  --> GET https://smarthomesecurity-f3859.web.app/api/devices
2025-05-31 02:51:39.599 20750-2360  okhttp.OkHttpClient     com.example.smarthomeappfinal        I  Authorization: Bearer eyJhbGciOiJSUzI1NiIsImtpZCI6ImZlNjVjY2I4ZWFkMGJhZWY1ZmQzNjE5NWQ2NTI4YTA1NGZiYjc2ZjMiLCJ0eXAiOiJKV1QifQ.eyJuYW1lIjoicG9saWcsaXljIiwiaXNzIjoiaHR0cHM6Ly9zZWN1cmV0b2tlbi5nb29nbGUuY29tL3NtYXJ0aG9tZXNlY3VyaXR5LWYzODU5IiwiYXVkIjoic21hcnRob21lc2VjdXJpdHktZjM4NTkiLCJhdXRoX3RpbWUiOjE3NDg2MTYzMDAsInVzZXJfaWQiOiJobVRxbHQ2a1p5T3ZjMDdxcTZmQVBzS0lVaUsyIiwic3ViIjoiaG1UcWx0NmtaeU92YzA3cXE2ZkFQc0tJVWlLMiIsImlhdCI6MTc0ODYyOTY1OCwiZXhwIjoxNzQ4NjMzMjU4LCJlbWFpbCI6ImRlZGljYXRvcmlhY2o3QGdtYWlsLmNvbSIsImVtYWlsX3ZlcmlmaWVkIjpmYWxzZSwiZmlyZWJhc2UiOnsiaWRlbnRpdGllcyI6eyJlbWFpbCI6WyJkZWRpY2F0b3JpYWNqN0BnbWFpbC5jb20iXX0sInNpZ25faW5fcHJvdmlkZXIiOiJwYXNzd29yZCJ9fQ.lUS7bVXmpBlOoQXxysU1MhdL5UPyvoxF6T-Qj7GGsNd3bLo_SXPHJ4iX6GDj4LaoQd-msok0fefBo2ZCaTWlQ9dESTqxkm75svpq4JG0SlM_gFd5Zqp64VW2KZVMOYwDU1_JTMJiZpH9J13FBXG4YFHD-YcZZLrmV0JDDaKBfJo9A_48ZJQQExSuSrjylXlRlEbWDpEQPn2xCW_ZP8pddjz-T-qUotlUvVy2VIPEYXgNvcWCW193UuUhYCZFckgZxJ23LyZ-43YuHG9LeSBS_tn5-PGRJG4Io6UDCaP5za1vIa41lakKQ91CODh9MbAM3jHvyM9tDGECzT0XCj50Sg
2025-05-31 02:51:39.599 20750-2360  okhttp.OkHttpClient     com.example.smarthomeappfinal        I  --> END GET
2025-05-31 02:51:40.378 20750-2360  okhttp.OkHttpClient     com.example.smarthomeappfinal        I  <-- 404 https://smarthomesecurity-f3859.web.app/api/devices (778ms)
2025-05-31 02:51:40.378 20750-2360  okhttp.OkHttpClient     com.example.smarthomeappfinal        I  cache-control: max-age=0
2025-05-31 02:51:40.378 20750-2360  okhttp.OkHttpClient     com.example.smarthomeappfinal        I  content-type: text/html; charset=utf-8
2025-05-31 02:51:40.378 20750-2360  okhttp.OkHttpClient     com.example.smarthomeappfinal        I  strict-transport-security: max-age=31556926; includeSubDomains; preload
2025-05-31 02:51:40.378 20750-2360  okhttp.OkHttpClient     com.example.smarthomeappfinal        I  accept-ranges: bytes
2025-05-31 02:51:40.379 20750-2360  okhttp.OkHttpClient     com.example.smarthomeappfinal        I  date: Fri, 30 May 2025 18:51:41 GMT
2025-05-31 02:51:40.379 20750-2360  okhttp.OkHttpClient     com.example.smarthomeappfinal        I  x-served-by: cache-sin-wsss1830054-SIN
2025-05-31 02:51:40.379 20750-2360  okhttp.OkHttpClient     com.example.smarthomeappfinal        I  x-cache: MISS
2025-05-31 02:51:40.379 20750-2360  okhttp.OkHttpClient     com.example.smarthomeappfinal        I  x-cache-hits: 0
2025-05-31 02:51:40.379 20750-2360  okhttp.OkHttpClient     com.example.smarthomeappfinal        I  x-timer: S1748631101.466101,VS0,VE376
2025-05-31 02:51:40.379 20750-2360  okhttp.OkHttpClient     com.example.smarthomeappfinal        I  vary: x-fh-requested-host, accept-encoding
2025-05-31 02:51:40.379 20750-2360  okhttp.OkHttpClient     com.example.smarthomeappfinal        I  alt-svc: h3=":443";ma=86400,h3-29=":443";ma=86400,h3-27=":443";ma=86400
2025-05-31 02:51:40.379 20750-2360  okhttp.OkHttpClient     com.example.smarthomeappfinal        I  content-length: 21265
